// Jest Snapshot v1, https://goo.gl/fbAQLP

exports[`Opening should match the snapshot 1`] = `
ShallowWrapper {
  "length": 1,
  Symbol(enzyme.__root__): [Circular],
  Symbol(enzyme.__unrendered__): <Unknown
    filmData={
        Array [
            Object {
              "openingCrawl": "It is a period of civil war.
        Rebel spaceships, striking
        from a hidden base, have won
        their first victory against
        the evil Galactic Empire.
        
        During the battle, Rebel
        spies managed to steal secret
        plans to the Empire's
        ultimate weapon, the DEATH
        STAR, an armored space
        station with enough power
        to destroy an entire planet.
        
        Pursued by the Empire's
        sinister agents, Princess
        Leia races home aboard her
        starship, custodian of the
        stolen plans that can save her
        people and restore
        freedom to the galaxy....",
              "release": "1977",
              "title": "A New Hope",
            },
          ]
    }
    randomNumber={0}
/>,
  Symbol(enzyme.__renderer__): Object {
    "batchedUpdates": [Function],
    "getNode": [Function],
    "render": [Function],
    "simulateEvent": [Function],
    "unmount": [Function],
  },
  Symbol(enzyme.__node__): Object {
    "instance": null,
    "key": undefined,
    "nodeType": "host",
    "props": Object {
      "children": <div
        className="opening-container"
>
        <button
                className="opening-button"
                onClick={undefined}
        >
                Enter the SwapiBox
        </button>
        <div
                className="crawl"
        >
                <p>
                        It is a period of civil war.
                        Rebel spaceships, striking
                        from a hidden base, have won
                        their first victory against
                        the evil Galactic Empire.
                        
                        During the battle, Rebel
                        spies managed to steal secret
                        plans to the Empire's
                        ultimate weapon, the DEATH
                        STAR, an armored space
                        station with enough power
                        to destroy an entire planet.
                        
                        Pursued by the Empire's
                        sinister agents, Princess
                        Leia races home aboard her
                        starship, custodian of the
                        stolen plans that can save her
                        people and restore
                        freedom to the galaxy....
                </p>
                <p
                        className="title"
                >
                        A New Hope
                </p>
                <p
                        className="year"
                >
                        1977
                </p>
        </div>
</div>,
      "className": "overview",
    },
    "ref": null,
    "rendered": Object {
      "instance": null,
      "key": undefined,
      "nodeType": "host",
      "props": Object {
        "children": Array [
          <button
            className="opening-button"
            onClick={undefined}
>
            Enter the SwapiBox
</button>,
          <div
            className="crawl"
>
            <p>
                        It is a period of civil war.
                        Rebel spaceships, striking
                        from a hidden base, have won
                        their first victory against
                        the evil Galactic Empire.
                        
                        During the battle, Rebel
                        spies managed to steal secret
                        plans to the Empire's
                        ultimate weapon, the DEATH
                        STAR, an armored space
                        station with enough power
                        to destroy an entire planet.
                        
                        Pursued by the Empire's
                        sinister agents, Princess
                        Leia races home aboard her
                        starship, custodian of the
                        stolen plans that can save her
                        people and restore
                        freedom to the galaxy....
            </p>
            <p
                        className="title"
            >
                        A New Hope
            </p>
            <p
                        className="year"
            >
                        1977
            </p>
</div>,
        ],
        "className": "opening-container",
      },
      "ref": null,
      "rendered": Array [
        Object {
          "instance": null,
          "key": undefined,
          "nodeType": "host",
          "props": Object {
            "children": "Enter the SwapiBox",
            "className": "opening-button",
            "onClick": undefined,
          },
          "ref": null,
          "rendered": "Enter the SwapiBox",
          "type": "button",
        },
        Object {
          "instance": null,
          "key": undefined,
          "nodeType": "host",
          "props": Object {
            "children": Array [
              <p>
                It is a period of civil war.
                Rebel spaceships, striking
                from a hidden base, have won
                their first victory against
                the evil Galactic Empire.
                
                During the battle, Rebel
                spies managed to steal secret
                plans to the Empire's
                ultimate weapon, the DEATH
                STAR, an armored space
                station with enough power
                to destroy an entire planet.
                
                Pursued by the Empire's
                sinister agents, Princess
                Leia races home aboard her
                starship, custodian of the
                stolen plans that can save her
                people and restore
                freedom to the galaxy....
</p>,
              <p
                className="title"
>
                A New Hope
</p>,
              <p
                className="year"
>
                1977
</p>,
            ],
            "className": "crawl",
          },
          "ref": null,
          "rendered": Array [
            Object {
              "instance": null,
              "key": undefined,
              "nodeType": "host",
              "props": Object {
                "children": "It is a period of civil war.
Rebel spaceships, striking
from a hidden base, have won
their first victory against
the evil Galactic Empire.

During the battle, Rebel
spies managed to steal secret
plans to the Empire's
ultimate weapon, the DEATH
STAR, an armored space
station with enough power
to destroy an entire planet.

Pursued by the Empire's
sinister agents, Princess
Leia races home aboard her
starship, custodian of the
stolen plans that can save her
people and restore
freedom to the galaxy....",
              },
              "ref": null,
              "rendered": "It is a period of civil war.
Rebel spaceships, striking
from a hidden base, have won
their first victory against
the evil Galactic Empire.

During the battle, Rebel
spies managed to steal secret
plans to the Empire's
ultimate weapon, the DEATH
STAR, an armored space
station with enough power
to destroy an entire planet.

Pursued by the Empire's
sinister agents, Princess
Leia races home aboard her
starship, custodian of the
stolen plans that can save her
people and restore
freedom to the galaxy....",
              "type": "p",
            },
            Object {
              "instance": null,
              "key": undefined,
              "nodeType": "host",
              "props": Object {
                "children": "A New Hope",
                "className": "title",
              },
              "ref": null,
              "rendered": "A New Hope",
              "type": "p",
            },
            Object {
              "instance": null,
              "key": undefined,
              "nodeType": "host",
              "props": Object {
                "children": "1977",
                "className": "year",
              },
              "ref": null,
              "rendered": "1977",
              "type": "p",
            },
          ],
          "type": "div",
        },
      ],
      "type": "div",
    },
    "type": "div",
  },
  Symbol(enzyme.__nodes__): Array [
    Object {
      "instance": null,
      "key": undefined,
      "nodeType": "host",
      "props": Object {
        "children": <div
          className="opening-container"
>
          <button
                    className="opening-button"
                    onClick={undefined}
          >
                    Enter the SwapiBox
          </button>
          <div
                    className="crawl"
          >
                    <p>
                              It is a period of civil war.
                              Rebel spaceships, striking
                              from a hidden base, have won
                              their first victory against
                              the evil Galactic Empire.
                              
                              During the battle, Rebel
                              spies managed to steal secret
                              plans to the Empire's
                              ultimate weapon, the DEATH
                              STAR, an armored space
                              station with enough power
                              to destroy an entire planet.
                              
                              Pursued by the Empire's
                              sinister agents, Princess
                              Leia races home aboard her
                              starship, custodian of the
                              stolen plans that can save her
                              people and restore
                              freedom to the galaxy....
                    </p>
                    <p
                              className="title"
                    >
                              A New Hope
                    </p>
                    <p
                              className="year"
                    >
                              1977
                    </p>
          </div>
</div>,
        "className": "overview",
      },
      "ref": null,
      "rendered": Object {
        "instance": null,
        "key": undefined,
        "nodeType": "host",
        "props": Object {
          "children": Array [
            <button
              className="opening-button"
              onClick={undefined}
>
              Enter the SwapiBox
</button>,
            <div
              className="crawl"
>
              <p>
                            It is a period of civil war.
                            Rebel spaceships, striking
                            from a hidden base, have won
                            their first victory against
                            the evil Galactic Empire.
                            
                            During the battle, Rebel
                            spies managed to steal secret
                            plans to the Empire's
                            ultimate weapon, the DEATH
                            STAR, an armored space
                            station with enough power
                            to destroy an entire planet.
                            
                            Pursued by the Empire's
                            sinister agents, Princess
                            Leia races home aboard her
                            starship, custodian of the
                            stolen plans that can save her
                            people and restore
                            freedom to the galaxy....
              </p>
              <p
                            className="title"
              >
                            A New Hope
              </p>
              <p
                            className="year"
              >
                            1977
              </p>
</div>,
          ],
          "className": "opening-container",
        },
        "ref": null,
        "rendered": Array [
          Object {
            "instance": null,
            "key": undefined,
            "nodeType": "host",
            "props": Object {
              "children": "Enter the SwapiBox",
              "className": "opening-button",
              "onClick": undefined,
            },
            "ref": null,
            "rendered": "Enter the SwapiBox",
            "type": "button",
          },
          Object {
            "instance": null,
            "key": undefined,
            "nodeType": "host",
            "props": Object {
              "children": Array [
                <p>
                  It is a period of civil war.
                  Rebel spaceships, striking
                  from a hidden base, have won
                  their first victory against
                  the evil Galactic Empire.
                  
                  During the battle, Rebel
                  spies managed to steal secret
                  plans to the Empire's
                  ultimate weapon, the DEATH
                  STAR, an armored space
                  station with enough power
                  to destroy an entire planet.
                  
                  Pursued by the Empire's
                  sinister agents, Princess
                  Leia races home aboard her
                  starship, custodian of the
                  stolen plans that can save her
                  people and restore
                  freedom to the galaxy....
</p>,
                <p
                  className="title"
>
                  A New Hope
</p>,
                <p
                  className="year"
>
                  1977
</p>,
              ],
              "className": "crawl",
            },
            "ref": null,
            "rendered": Array [
              Object {
                "instance": null,
                "key": undefined,
                "nodeType": "host",
                "props": Object {
                  "children": "It is a period of civil war.
Rebel spaceships, striking
from a hidden base, have won
their first victory against
the evil Galactic Empire.

During the battle, Rebel
spies managed to steal secret
plans to the Empire's
ultimate weapon, the DEATH
STAR, an armored space
station with enough power
to destroy an entire planet.

Pursued by the Empire's
sinister agents, Princess
Leia races home aboard her
starship, custodian of the
stolen plans that can save her
people and restore
freedom to the galaxy....",
                },
                "ref": null,
                "rendered": "It is a period of civil war.
Rebel spaceships, striking
from a hidden base, have won
their first victory against
the evil Galactic Empire.

During the battle, Rebel
spies managed to steal secret
plans to the Empire's
ultimate weapon, the DEATH
STAR, an armored space
station with enough power
to destroy an entire planet.

Pursued by the Empire's
sinister agents, Princess
Leia races home aboard her
starship, custodian of the
stolen plans that can save her
people and restore
freedom to the galaxy....",
                "type": "p",
              },
              Object {
                "instance": null,
                "key": undefined,
                "nodeType": "host",
                "props": Object {
                  "children": "A New Hope",
                  "className": "title",
                },
                "ref": null,
                "rendered": "A New Hope",
                "type": "p",
              },
              Object {
                "instance": null,
                "key": undefined,
                "nodeType": "host",
                "props": Object {
                  "children": "1977",
                  "className": "year",
                },
                "ref": null,
                "rendered": "1977",
                "type": "p",
              },
            ],
            "type": "div",
          },
        ],
        "type": "div",
      },
      "type": "div",
    },
  ],
  Symbol(enzyme.__options__): Object {
    "adapter": ReactSixteenAdapter {
      "options": Object {
        "enableComponentDidUpdateOnSetState": true,
      },
    },
  },
}
`;
